Component: ARM Compiler 5.06 update 7 (build 960) Tool: armlink [4d3601]

==============================================================================

Section Cross References

    main.o(.text) refers to delay.o(.text) for delay_init
    main.o(.text) refers to sys.o(.text) for NVIC_Configuration
    main.o(.text) refers to encoder.o(.text) for Encoder_Init_TIM2
    main.o(.text) refers to track.o(.text) for TrackInit
    main.o(.text) refers to mpu6050.o(.text) for MPU_Init
    main.o(.text) refers to inv_mpu.o(.text) for mpu_dmp_init
    main.o(.text) refers to pwm.o(.text) for TIM1_PWM_Init
    main.o(.text) refers to motor.o(.text) for Motor_Init
    main.o(.text) refers to exti.o(.text) for MPU6050_EXTI_Init
    main.o(.text) refers to control.o(.text) for PID_Init
    main.o(.text) refers to duji.o(.text) for DuoJi_Control
    main.o(.text) refers to main.o(.data) for duoji_Flog
    system_stm32f10x.o(.text) refers to system_stm32f10x.o(.data) for SystemCoreClock
    control.o(.text) refers to fadd.o(.text) for __aeabi_fsub
    control.o(.text) refers to fmul.o(.text) for __aeabi_fmul
    control.o(.text) refers to cfrcmple.o(.text) for __aeabi_cfrcmple
    control.o(.text) refers to track.o(.text) for Tracking_1
    control.o(.text) refers to motor.o(.text) for Yuandi_Zhuan
    control.o(.text) refers to encoder.o(.text) for Read_Encoder
    control.o(.text) refers to tcs3200.o(.text) for TCS3200_Color_Recognition
    control.o(.text) refers to fflti.o(.text) for __aeabi_i2f
    control.o(.text) refers to ffixi.o(.text) for __aeabi_f2iz
    control.o(.text) refers to stm32f10x_exti.o(.text) for EXTI_GetITStatus
    control.o(.text) refers to control.o(.data) for Num
    control.o(.text) refers to main.o(.data) for Miflog
    control.o(.text) refers to control.o(.bss) for PID1_Structure
    control.o(.text) refers to control.o(.constdata) for PID
    show.o(.text) refers to oled.o(.text) for OLED_ShowSignedNum
    show.o(.text) refers to ffixi.o(.text) for __aeabi_f2iz
    show.o(.text) refers to main.o(.data) for Encoder_Left
    delay.o(.text) refers to misc.o(.text) for SysTick_CLKSourceConfig
    delay.o(.text) refers to system_stm32f10x.o(.data) for SystemCoreClock
    delay.o(.text) refers to delay.o(.data) for fac_us
    sys.o(.text) refers to misc.o(.text) for NVIC_PriorityGroupConfig
    exti.o(.text) refers to stm32f10x_rcc.o(.text) for RCC_APB2PeriphClockCmd
    exti.o(.text) refers to stm32f10x_gpio.o(.text) for GPIO_Init
    exti.o(.text) refers to stm32f10x_exti.o(.text) for EXTI_Init
    exti.o(.text) refers to misc.o(.text) for NVIC_Init
    encoder.o(.text) refers to stm32f10x_rcc.o(.text) for RCC_APB1PeriphClockCmd
    encoder.o(.text) refers to stm32f10x_gpio.o(.text) for GPIO_Init
    encoder.o(.text) refers to stm32f10x_tim.o(.text) for TIM_TimeBaseStructInit
    motor.o(.text) refers to stm32f10x_rcc.o(.text) for RCC_APB2PeriphClockCmd
    motor.o(.text) refers to stm32f10x_gpio.o(.text) for GPIO_Init
    motor.o(.text) refers to cfrcmple.o(.text) for __aeabi_cfrcmple
    motor.o(.text) refers to fadd.o(.text) for __aeabi_fsub
    motor.o(.text) refers to cfcmple.o(.text) for __aeabi_cfcmpeq
    motor.o(.text) refers to motor.o(.data) for Begin_Flog
    motor.o(.text) refers to main.o(.data) for Angle_Left
    pwm.o(.text) refers to stm32f10x_rcc.o(.text) for RCC_APB2PeriphClockCmd
    pwm.o(.text) refers to stm32f10x_gpio.o(.text) for GPIO_Init
    pwm.o(.text) refers to stm32f10x_tim.o(.text) for TIM_TimeBaseInit
    mpu6050.o(.text) refers to mpuiic.o(.text) for MPU_IIC_Start
    mpu6050.o(.text) refers to delay.o(.text) for delay_ms
    mpu6050.o(.text) refers to dflti.o(.text) for __aeabi_i2d
    mpu6050.o(.text) refers to ddiv.o(.text) for __aeabi_ddiv
    mpu6050.o(.text) refers to dadd.o(.text) for __aeabi_dadd
    mpu6050.o(.text) refers to d2f.o(.text) for __aeabi_d2f
    mpu6050.o(.text) refers to fmul.o(.text) for __aeabi_fmul
    mpu6050.o(.text) refers to ffixi.o(.text) for __aeabi_f2iz
    mpuiic.o(.text) refers to delay.o(.text) for delay_us
    mpuiic.o(.text) refers to stm32f10x_rcc.o(.text) for RCC_APB2PeriphClockCmd
    mpuiic.o(.text) refers to stm32f10x_gpio.o(.text) for GPIO_Init
    inv_mpu.o(.text) refers to mpu6050.o(.text) for MPU_Write_Len
    inv_mpu.o(.text) refers to printf8.o(i.__0printf$8) for __2printf
    inv_mpu.o(.text) refers to delay.o(.text) for delay_ms
    inv_mpu.o(.text) refers to inv_mpu.o(.data) for st
    inv_mpu.o(.text) refers to ffltui.o(.text) for __aeabi_ui2f
    inv_mpu.o(.text) refers to fflti.o(.text) for __aeabi_i2f
    inv_mpu.o(.text) refers to fadd.o(.text) for __aeabi_fsub
    inv_mpu.o(.text) refers to fdiv.o(.text) for __aeabi_fdiv
    inv_mpu.o(.text) refers to fmul.o(.text) for __aeabi_fmul
    inv_mpu.o(.text) refers to ffixi.o(.text) for __aeabi_f2iz
    inv_mpu.o(.text) refers to inv_mpu.o(.conststring) for .conststring
    inv_mpu.o(.text) refers to cfcmple.o(.text) for __aeabi_cfcmpeq
[...]
    ../mathlib/atan.c                        0x00000000   Number         0  atan_x.o ABSOLUTE
    ../mathlib/atan.c                        0x00000000   Number         0  atan.o ABSOLUTE
    ../mathlib/atan2.c                       0x00000000   Number         0  atan2_x.o ABSOLUTE
    ../mathlib/atan2.c                       0x00000000   Number         0  atan2.o ABSOLUTE
    ../mathlib/dunder.c                      0x00000000   Number         0  dunder.o ABSOLUTE
    ../mathlib/fpclassify.c                  0x00000000   Number         0  fpclassify.o ABSOLUTE
    ../mathlib/poly.c                        0x00000000   Number         0  poly.o ABSOLUTE
    ../mathlib/qnan.c                        0x00000000   Number         0  qnan.o ABSOLUTE
    ../mathlib/sqrt.c                        0x00000000   Number         0  sqrt_x.o ABSOLUTE
    ../mathlib/sqrt.c                        0x00000000   Number         0  sqrt.o ABSOLUTE
    ..\CORE\core_cm3.c                       0x00000000   Number         0  core_cm3.o ABSOLUTE
    ..\CORE\startup_stm32f10x_md.s           0x00000000   Number         0  startup_stm32f10x_md.o ABSOLUTE
    ..\DAYU\CONTROL\control.c                0x00000000   Number         0  control.o ABSOLUTE
    ..\DAYU\SHOW\SHOW.c                      0x00000000   Number         0  show.o ABSOLUTE
    ..\HARDWARE\DuJi\DuJi.c                  0x00000000   Number         0  duji.o ABSOLUTE
    ..\HARDWARE\ENCODER\encoder.c            0x00000000   Number         0  encoder.o ABSOLUTE
    ..\HARDWARE\EXTI\exti.c                  0x00000000   Number         0  exti.o ABSOLUTE
    ..\HARDWARE\MOTOR\motor.c                0x00000000   Number         0  motor.o ABSOLUTE
    ..\HARDWARE\MPU6050\eMPL\inv_mpu.c       0x00000000   Number         0  inv_mpu.o ABSOLUTE
    ..\HARDWARE\MPU6050\eMPL\inv_mpu_dmp_motion_driver.c 0x00000000   Number         0  inv_mpu_dmp_motion_driver.o ABSOLUTE
    ..\HARDWARE\MPU6050\mpu6050.c            0x00000000   Number         0  mpu6050.o ABSOLUTE
    ..\HARDWARE\MPU6050\mpuiic.c             0x00000000   Number         0  mpuiic.o ABSOLUTE
    ..\HARDWARE\OLED\oled.c                  0x00000000   Number         0  oled.o ABSOLUTE
    ..\HARDWARE\PWM\pwm.c                    0x00000000   Number         0  pwm.o ABSOLUTE
    ..\HARDWARE\TCS3200\TCS3200.c            0x00000000   Number         0  tcs3200.o ABSOLUTE
    ..\HARDWARE\Track\Track.c                0x00000000   Number         0  track.o ABSOLUTE
    ..\HARDWARE\USART2\usart2.c              0x00000000   Number         0  usart2.o ABSOLUTE
    ..\STM32F10x_FWLib\src\misc.c            0x00000000   Number         0  misc.o ABSOLUTE
    ..\STM32F10x_FWLib\src\stm32f10x_adc.c   0x00000000   Number         0  stm32f10x_adc.o ABSOLUTE
    ..\STM32F10x_FWLib\src\stm32f10x_bkp.c   0x00000000   Number         0  stm32f10x_bkp.o ABSOLUTE
    ..\STM32F10x_FWLib\src\stm32f10x_can.c   0x00000000   Number         0  stm32f10x_can.o ABSOLUTE
    ..\STM32F10x_FWLib\src\stm32f10x_cec.c   0x00000000   Number         0  stm32f10x_cec.o ABSOLUTE
    ..\STM32F10x_FWLib\src\stm32f10x_crc.c   0x00000000   Number         0  stm32f10x_crc.o ABSOLUTE
    ..\STM32F10x_FWLib\src\stm32f10x_dbgmcu.c 0x00000000   Number         0  stm32f10x_dbgmcu.o ABSOLUTE
    ..\STM32F10x_FWLib\src\stm32f10x_exti.c  0x00000000   Number         0  stm32f10x_exti.o ABSOLUTE
    ..\STM32F10x_FWLib\src\stm32f10x_flash.c 0x00000000   Number         0  stm32f10x_flash.o ABSOLUTE
    ..\STM32F10x_FWLib\src\stm32f10x_gpio.c  0x00000000   Number         0  stm32f10x_gpio.o ABSOLUTE
    ..\STM32F10x_FWLib\src\stm32f10x_i2c.c   0x00000000   Number         0  stm32f10x_i2c.o ABSOLUTE
    ..\STM32F10x_FWLib\src\stm32f10x_iwdg.c  0x00000000   Number         0  stm32f10x_iwdg.o ABSOLUTE
    ..\STM32F10x_FWLib\src\stm32f10x_pwr.c   0x00000000   Number         0  stm32f10x_pwr.o ABSOLUTE
    ..\STM32F10x_FWLib\src\stm32f10x_rcc.c   0x00000000   Number         0  stm32f10x_rcc.o ABSOLUTE
    ..\STM32F10x_FWLib\src\stm32f10x_rtc.c   0x00000000   Number         0  stm32f10x_rtc.o ABSOLUTE
    ..\STM32F10x_FWLib\src\stm32f10x_sdio.c  0x00000000   Number         0  stm32f10x_sdio.o ABSOLUTE
    ..\STM32F10x_FWLib\src\stm32f10x_tim.c   0x00000000   Number         0  stm32f10x_tim.o ABSOLUTE
    ..\STM32F10x_FWLib\src\stm32f10x_usart.c 0x00000000   Number         0  stm32f10x_usart.o ABSOLUTE
    ..\STM32F10x_FWLib\src\stm32f10x_wwdg.c  0x00000000   Number         0  stm32f10x_wwdg.o ABSOLUTE
    ..\SYSTEM\delay\delay.c                  0x00000000   Number         0  delay.o ABSOLUTE
    ..\SYSTEM\sys\sys.c                      0x00000000   Number         0  sys.o ABSOLUTE
    ..\\CORE\\core_cm3.c                     0x00000000   Number         0  core_cm3.o ABSOLUTE
    cdcmple.s                                0x00000000   Number         0  cdcmple.o ABSOLUTE
    cdrcmple.s                               0x00000000   Number         0  cdrcmple.o ABSOLUTE
    cfcmple.s                                0x00000000   Number         0  cfcmple.o ABSOLUTE
    cfrcmple.s                               0x00000000   Number         0  cfrcmple.o ABSOLUTE
    dc.s                                     0x00000000   Number         0  dc.o ABSOLUTE
    handlers.s                               0x00000000   Number         0  handlers.o ABSOLUTE
    init.s                                   0x00000000   Number         0  init.o ABSOLUTE
    main.c                                   0x00000000   Number         0  main.o ABSOLUTE
    stm32f10x_it.c                           0x00000000   Number         0  stm32f10x_it.o ABSOLUTE
    system_stm32f10x.c                       0x00000000   Number         0  system_stm32f10x.o ABSOLUTE
    RESET                                    0x08000000   Section      236  startup_stm32f10x_md.o(RESET)
    .ARM.Collect$$$$00000000                 0x080000ec   Section        0  entry.o(.ARM.Collect$$$$00000000)
    .ARM.Collect$$$$00000001                 0x080000ec   Section        4  entry2.o(.ARM.Collect$$$$00000001)
    .ARM.Collect$$$$00000004                 0x080000f0   Section        4  entry5.o(.ARM.Collect$$$$00000004)
    .ARM.Collect$$$$00000008                 0x080000f4   Section        0  entry7b.o(.ARM.Collect$$$$00000008)
    .ARM.Collect$$$$0000000A                 0x080000f4   Section        0  entry8b.o(.ARM.Collect$$$$0000000A)
    .ARM.Collect$$$$0000000B                 0x080000f4   Section        8  entry9a.o(.ARM.Collect$$$$0000000B)
    .ARM.Collect$$$$0000000E                 0x080000fc   Section        4  entry12b.o(.ARM.Collect$$$$0000000E)
    .ARM.Collect$$$$0000000F                 0x08000100   Section        0  entry10a.o(.ARM.Collect$$$$0000000F)
    .ARM.Collect$$$$00000011                 0x08000100   Section        0  entry11a.o(.ARM.Collect$$$$00000011)
    .ARM.Collect$$$$00002712                 0x08000100   Section        4  entry2.o(.ARM.Collect$$$$00002712)
    __lit__00000000                          0x08000100   Data           4  entry2.o(.ARM.Collect$$$$00002712)
    .text                                    0x08000104   Section        0  main.o(.text)
    .text                                    0x08000160   Section        0  stm32f10x_it.o(.text)
    .text                                    0x0800017c   Section        0  system_stm32f10x.o(.text)
    SetSysClockTo72                          0x0800017d   Thumb Code   214  system_stm32f10x.o(.text)
    SetSysClock                              0x08000253   Thumb Code     8  system_stm32f10x.o(.text)
    .text                                    0x0800035c   Section        0  control.o(.text)
    .text                                    0x08000854   Section        0  delay.o(.text)
    .text                                    0x08000928   Section        0  sys.o(.text)
    .text                                    0x08000988   Section        0  exti.o(.text)
    .text                                    0x08000a60   Section        0  encoder.o(.text)
    .text                                    0x08000bd0   Section        0  motor.o(.text)
    .text                                    0x08000e50   Section        0  pwm.o(.text)
    .text                                    0x08000f00   Section        0  mpu6050.o(.text)
    .text                                    0x08001268   Section        0  mpuiic.o(.text)
    .text                                    0x080014ac   Section        0  inv_mpu.o(.text)
    set_int_enable                           0x080014ad   Thumb Code   138  inv_mpu.o(.text)
    get_accel_prod_shift                     0x0800271d   Thumb Code   168  inv_mpu.o(.text)
    accel_self_test                          0x080027c5   Thumb Code   164  inv_mpu.o(.text)
    gyro_self_test                           0x08002869   Thumb Code   280  inv_mpu.o(.text)
    get_st_biases                            0x08002981   Thumb Code  1134  inv_mpu.o(.text)
    .text                                    0x08003734   Section        0  inv_mpu_dmp_motion_driver.o(.text)
    decode_gesture                           0x080041e9   Thumb Code    94  inv_mpu_dmp_motion_driver.o(.text)
    .text                                    0x080044a4   Section        0  track.o(.text)
    .text                                    0x08004f54   Section        0  tcs3200.o(.text)
    .text                                    0x080055b4   Section        0  usart2.o(.text)
    .text                                    0x0800576c   Section        0  duji.o(.text)
    .text                                    0x080058ac   Section       36  startup_stm32f10x_md.o(.text)
    .text                                    0x080058d0   Section        0  misc.o(.text)
    .text                                    0x080059ac   Section        0  stm32f10x_exti.o(.text)
    .text                                    0x08005ac8   Section        0  stm32f10x_gpio.o(.text)
    .text                                    0x08005e24   Section        0  stm32f10x_rcc.o(.text)
    .text                                    0x080061c8   Section        0  stm32f10x_tim.o(.text)
    TI4_Config                               0x0800666f   Thumb Code   130  stm32f10x_tim.o(.text)
    TI3_Config                               0x08006703   Thumb Code   122  stm32f10x_tim.o(.text)
    TI2_Config                               0x08006797   Thumb Code   130  stm32f10x_tim.o(.text)
    TI1_Config                               0x0800682b   Thumb Code   108  stm32f10x_tim.o(.text)
    .text                                    0x08006fe4   Section        0  stm32f10x_usart.o(.text)
    .text                                    0x080073ec   Section        0  ldiv.o(.text)
    .text                                    0x0800744e   Section        0  memseta.o(.text)
    .text                                    0x08007472   Section        0  strlen.o(.text)
    .text                                    0x08007480   Section        0  memcmp.o(.text)
    .text                                    0x0800749a   Section        0  fadd.o(.text)
    .text                                    0x0800754a   Section        0  fmul.o(.text)
    .text                                    0x080075ae   Section        0  fdiv.o(.text)
    .text                                    0x0800762a   Section        0  dadd.o(.text)
    .text                                    0x08007778   Section        0  dmul.o(.text)
    .text                                    0x0800785c   Section        0  ddiv.o(.text)
    .text                                    0x0800793a   Section        0  fflti.o(.text)
    .text                                    0x0800794c   Section        0  ffltui.o(.text)
    .text                                    0x08007956   Section        0  dflti.o(.text)
    .text                                    0x08007978   Section        0  ffixi.o(.text)
    .text                                    0x080079aa   Section        0  ffixui.o(.text)
    .text                                    0x080079d2   Section        0  f2d.o(.text)
    .text                                    0x080079f8   Section        0  d2f.o(.text)
    .text                                    0x08007a30   Section       20  cfcmple.o(.text)
    .text                                    0x08007a44   Section       20  cfrcmple.o(.text)
    .text                                    0x08007a58   Section        0  uldiv.o(.text)
    .text                                    0x08007aba   Section        0  llshl.o(.text)
    .text                                    0x08007ad8   Section        0  llsshr.o(.text)
    .text                                    0x08007afc   Section        0  fepilogue.o(.text)
    .text                                    0x08007afc   Section        0  iusefp.o(.text)
    .text                                    0x08007b6a   Section        0  depilogue.o(.text)
    .text                                    0x08007c24   Section        0  dscalb.o(.text)
    .text                                    0x08007c54   Section       48  cdcmple.o(.text)
    .text                                    0x08007c84   Section       36  init.o(.text)
    .text                                    0x08007ca8   Section        0  llushr.o(.text)
    .text                                    0x08007ca8   Section        0  semi.o(.text)
    .text                                    0x08007cc8   Section        0  dsqrt.o(.text)
    .text                                    0x08007cc8   Section        0  iusesemip.o(.text)
    i.__0printf$8                            0x08007d6c   Section        0  printf8.o(i.__0printf$8)
    i.__ARM_fpclassify                       0x08007d8c   Section        0  fpclassify.o(i.__ARM_fpclassify)
    i.__kernel_poly                          0x08007db4   Section        0  poly.o(i.__kernel_poly)
    i.__mathlib_dbl_infnan                   0x08007e5e   Section        0  dunder.o(i.__mathlib_dbl_infnan)
    i.__mathlib_dbl_infnan2                  0x08007e64   Section        0  dunder.o(i.__mathlib_dbl_infnan2)
    i.__mathlib_dbl_invalid                  0x08007e68   Section        0  dunder.o(i.__mathlib_dbl_invalid)
    i.__mathlib_dbl_underflow                0x08007e74   Section        0  dunder.o(i.__mathlib_dbl_underflow)
    i.__scatterload_copy                     0x08007e84   Section       14  handlers.o(i.__scatterload_copy)
    i.__scatterload_null                     0x08007e92   Section        2  handlers.o(i.__scatterload_null)
    i.__scatterload_zeroinit                 0x08007e94   Section       14  handlers.o(i.__scatterload_zeroinit)
    i.__set_errno                            0x08007ea4   Section        0  errno.o(i.__set_errno)
    i._printf_core                           0x08007eb0   Section        0  printf8.o(i._printf_core)
    _printf_core                             0x08007eb1   Thumb Code   984  printf8.o(i._printf_core)
    i._printf_post_padding                   0x080082b4   Section        0  printf8.o(i._printf_post_padding)
    _printf_post_padding                     0x080082b5   Thumb Code    36  printf8.o(i._printf_post_padding)
    i._printf_pre_padding                    0x080082d8   Section        0  printf8.o(i._printf_pre_padding)
    _printf_pre_padding                      0x080082d9   Thumb Code    46  printf8.o(i._printf_pre_padding)
    i.asin                                   0x08008308   Section        0  asin.o(i.asin)
    i.atan                                   0x08008578   Section        0  atan.o(i.atan)
    i.atan2                                  0x08008798   Section        0  atan2.o(i.atan2)
    i.fputc                                  0x08008934   Section        0  fputc.o(i.fputc)
    i.sqrt                                   0x08008946   Section        0  sqrt.o(i.sqrt)
    .constdata                               0x08008994   Section       12  control.o(.constdata)
    .constdata                               0x080089a0   Section       80  inv_mpu.o(.constdata)
    .constdata                               0x080089f0   Section     3062  inv_mpu_dmp_motion_driver.o(.constdata)
    dmp_memory                               0x080089f0   Data        3062  inv_mpu_dmp_motion_driver.o(.constdata)
    .constdata                               0x080095e8   Section       80  asin.o(.constdata)
    pS                                       0x080095e8   Data          48  asin.o(.constdata)
    qS                                       0x08009618   Data          32  asin.o(.constdata)
    .constdata                               0x08009638   Section      152  atan.o(.constdata)
    atanhi                                   0x08009638   Data          32  atan.o(.constdata)
    atanlo                                   0x08009658   Data          32  atan.o(.constdata)
    aTodd                                    0x08009678   Data          40  atan.o(.constdata)
    aTeven                                   0x080096a0   Data          48  atan.o(.constdata)
    .constdata                               0x080096d0   Section        8  qnan.o(.constdata)
    .conststring                             0x080096d8   Section       77  inv_mpu.o(.conststring)
    .data                                    0x20000000   Section       80  main.o(.data)
    .data                                    0x20000050   Section       20  system_stm32f10x.o(.data)
    .data                                    0x20000064   Section        4  control.o(.data)
    Num                                      0x20000064   Data           4  control.o(.data)
    .data                                    0x20000068   Section        4  delay.o(.data)
    fac_us                                   0x20000068   Data           1  delay.o(.data)
    fac_ms                                   0x2000006a   Data           2  delay.o(.data)
    .data                                    0x2000006c   Section        4  motor.o(.data)
    Begin_Flog                               0x2000006c   Data           4  motor.o(.data)
    .data                                    0x20000070   Section       53  inv_mpu.o(.data)
    st                                       0x20000070   Data          44  inv_mpu.o(.data)
    gyro_orientation                         0x2000009c   Data           9  inv_mpu.o(.data)
    .data                                    0x200000a8   Section        4  tcs3200.o(.data)
    TCS3200_Num                              0x200000a8   Data           4  tcs3200.o(.data)
    .data                                    0x200000ac   Section       20  stm32f10x_rcc.o(.data)
    APBAHBPrescTable                         0x200000ac   Data          16  stm32f10x_rcc.o(.data)
    ADCPrescTable                            0x200000bc   Data           4  stm32f10x_rcc.o(.data)
    .data                                    0x200000c0   Section        4  stdout.o(.data)
    .data                                    0x200000c4   Section        4  errno.o(.data)
    _errno                                   0x200000c4   Data           4  errno.o(.data)
    .bss                                     0x200000c8   Section       44  main.o(.bss)
    .bss                                     0x200000f4   Section      144  control.o(.bss)
    .bss                                     0x20000184   Section       16  inv_mpu_dmp_motion_driver.o(.bss)
    dmp                                      0x20000184   Data          16  inv_mpu_dmp_motion_driver.o(.bss)
    STACK                                    0x20000198   Section     1024  startup_stm32f10x_md.o(STACK)

    Global Symbols

    Symbol Name                              Value     Ov Type        Size  Object(Section)

    BuildAttributes$$THM_ISAv4$P$D$K$B$S$PE$A:L22UL41UL21$X:L11$S22US41US21$IEEE1$IW$USESV6$~STKCKD$USESV7$~SHL$OTIME$ROPI$IEEEX$EBA8$MICROLIB$REQ8$PRES8$EABIv2 0x00000000   Number         0  anon$$obj.o ABSOLUTE
    __ARM_use_no_argv                        0x00000000   Number         0  main.o ABSOLUTE
    _printf_a                                0x00000000   Number         0  stubs.o ABSOLUTE
    _printf_c                                0x00000000   Number         0  stubs.o ABSOLUTE
    _printf_charcount                        0x00000000   Number         0  stubs.o ABSOLUTE
    _printf_d                                0x00000000   Number         0  stubs.o ABSOLUTE
    _printf_e                                0x00000000   Number         0  stubs.o ABSOLUTE
    _printf_f                                0x00000000   Number         0  stubs.o ABSOLUTE
    _printf_flags                            0x00000000   Number         0  stubs.o ABSOLUTE
    _printf_fp_dec                           0x00000000   Number         0  stubs.o ABSOLUTE
    _printf_fp_hex                           0x00000000   Number         0  stubs.o ABSOLUTE
    _printf_g                                0x00000000   Number         0  stubs.o ABSOLUTE
    _printf_i                                0x00000000   Number         0  stubs.o ABSOLUTE
    _printf_int_dec                          0x00000000   Number         0  stubs.o ABSOLUTE
    _printf_l                                0x00000000   Number         0  stubs.o ABSOLUTE
    _printf_lc                               0x00000000   Number         0  stubs.o ABSOLUTE
    _printf_ll                               0x00000000   Number         0  stubs.o ABSOLUTE
    _printf_lld                              0x00000000   Number         0  stubs.o ABSOLUTE
    _printf_lli                              0x00000000   Number         0  stubs.o ABSOLUTE
    _printf_llo                              0x00000000   Number         0  stubs.o ABSOLUTE
    _printf_llu                              0x00000000   Number         0  stubs.o ABSOLUTE
    _printf_llx                              0x00000000   Number         0  stubs.o ABSOLUTE
    _printf_longlong_dec                     0x00000000   Number         0  stubs.o ABSOLUTE
    _printf_longlong_hex                     0x00000000   Number         0  stubs.o ABSOLUTE
    _printf_longlong_oct                     0x00000000   Number         0  stubs.o ABSOLUTE
    _printf_ls                               0x00000000   Number         0  stubs.o ABSOLUTE
    _printf_mbtowc                           0x00000000   Number         0  stubs.o ABSOLUTE
    _printf_n                                0x00000000   Number         0  stubs.o ABSOLUTE
    _printf_o                                0x00000000   Number         0  stubs.o ABSOLUTE
    _printf_p                                0x00000000   Number         0  stubs.o ABSOLUTE
    _printf_percent                          0x00000000   Number         0  stubs.o ABSOLUTE
    _printf_pre_padding                      0x00000000   Number         0  stubs.o ABSOLUTE
    _printf_return_value                     0x00000000   Number         0  stubs.o ABSOLUTE
    _printf_s                                0x00000000   Number         0  stubs.o ABSOLUTE
    _printf_sizespec                         0x00000000   Number         0  stubs.o ABSOLUTE
    _printf_str                              0x00000000   Number         0  stubs.o ABSOLUTE
    _printf_truncate_signed                  0x00000000   Number         0  stubs.o ABSOLUTE
    _printf_truncate_unsigned                0x00000000   Number         0  stubs.o ABSOLUTE
    _printf_u                                0x00000000   Number         0  stubs.o ABSOLUTE
    _printf_wc                               0x00000000   Number         0  stubs.o ABSOLUTE
    _printf_wctomb                           0x00000000   Number         0  stubs.o ABSOLUTE
    _printf_widthprec                        0x00000000   Number         0  stubs.o ABSOLUTE
    _printf_x                                0x00000000   Number         0  stubs.o ABSOLUTE
    __arm_fini_                               - Undefined Weak Reference
    __cpp_initialize__aeabi_                  - Undefined Weak Reference
    __cxa_finalize                            - Undefined Weak Reference
    __decompress                              - Undefined Weak Reference
    _clock_init                               - Undefined Weak Reference
    _microlib_exit                            - Undefined Weak Reference
    __Vectors_Size                           0x000000ec   Number         0  startup_stm32f10x_md.o ABSOLUTE
    __Vectors                                0x08000000   Data           4  startup_stm32f10x_md.o(RESET)
    __Vectors_End                            0x080000ec   Data           0  startup_stm32f10x_md.o(RESET)
    __main                                   0x080000ed   Thumb Code     0  entry.o(.ARM.Collect$$$$00000000)
    _main_stk                                0x080000ed   Thumb Code     0  entry2.o(.ARM.Collect$$$$00000001)
    _main_scatterload                        0x080000f1   Thumb Code     0  entry5.o(.ARM.Collect$$$$00000004)
    __main_after_scatterload                 0x080000f5   Thumb Code     0  entry5.o(.ARM.Collect$$$$00000004)
    _main_clock                              0x080000f5   Thumb Code     0  entry7b.o(.ARM.Collect$$$$00000008)
    _main_cpp_init                           0x080000f5   Thumb Code     0  entry8b.o(.ARM.Collect$$$$0000000A)
    _main_init                               0x080000f5   Thumb Code     0  entry9a.o(.ARM.Collect$$$$0000000B)
    __rt_lib_shutdown_fini                   0x080000fd   Thumb Code     0  entry12b.o(.ARM.Collect$$$$0000000E)
    __rt_final_cpp                           0x08000101   Thumb Code     0  entry10a.o(.ARM.Collect$$$$0000000F)
    __rt_final_exit                          0x08000101   Thumb Code     0  entry11a.o(.ARM.Collect$$$$00000011)
    main                                     0x08000105   Thumb Code    84  main.o(.text)
    NMI_Handler                              0x08000161   Thumb Code     2  stm32f10x_it.o(.text)
    HardFault_Handler                        0x08000163   Thumb Code     4  stm32f10x_it.o(.text)
    MemManage_Handler                        0x08000167   Thumb Code     4  stm32f10x_it.o(.text)
    BusFault_Handler                         0x0800016b   Thumb Code     4  stm32f10x_it.o(.text)
    UsageFault_Handler                       0x0800016f   Thumb Code     4  stm32f10x_it.o(.text)
    SVC_Handler                              0x08000173   Thumb Code     2  stm32f10x_it.o(.text)
    DebugMon_Handler                         0x08000175   Thumb Code     2  stm32f10x_it.o(.text)
    PendSV_Handler                           0x08000177   Thumb Code     2  stm32f10x_it.o(.text)
    SysTick_Handler                          0x08000179   Thumb Code     2  stm32f10x_it.o(.text)
    SystemInit                               0x0800025b   Thumb Code    78  system_stm32f10x.o(.text)
    SystemCoreClockUpdate                    0x080002a9   Thumb Code   142  system_stm32f10x.o(.text)
    PID_Calc_Motor_Right                     0x0800035d   Thumb Code   204  control.o(.text)
    PID_Calc_Motor_Left                      0x08000429   Thumb Code   204  control.o(.text)
    Path_Planning                            0x080004f5   Thumb Code   440  control.o(.text)
    EXTI9_5_IRQHandler                       0x080006ad   Thumb Code   124  control.o(.text)
    EXTI0_IRQHandler                         0x08000729   Thumb Code    28  control.o(.text)
    PID_Motor_Right_Init                     0x08000745   Thumb Code    54  control.o(.text)
    PID_Motor_Left_Init                      0x0800077b   Thumb Code    54  control.o(.text)
    PID_Init                                 0x080007b1   Thumb Code    36  control.o(.text)
    PID_clear                                0x080007d5   Thumb Code    36  control.o(.text)
    delay_init                               0x08000855   Thumb Code    50  delay.o(.text)
    delay_us                                 0x08000887   Thumb Code    72  delay.o(.text)
    delay_ms                                 0x080008cf   Thumb Code    72  delay.o(.text)
    NVIC_Configuration                       0x08000929   Thumb Code    96  sys.o(.text)
    MPU6050_EXTI_Init                        0x08000989   Thumb Code   104  exti.o(.text)
    TCS3200_EXTI_Init                        0x080009f1   Thumb Code   106  exti.o(.text)
    Encoder_Init_TIM2                        0x08000a61   Thumb Code   154  encoder.o(.text)
    Encoder_Init_TIM3                        0x08000afb   Thumb Code   148  encoder.o(.text)
    Read_Encoder                             0x08000b8f   Thumb Code    56  encoder.o(.text)
    Motor_Init                               0x08000bd1   Thumb Code    64  motor.o(.text)
    myabs                                    0x08000c11   Thumb Code    14  motor.o(.text)
    Set_Pwm                                  0x08000c1f   Thumb Code   128  motor.o(.text)
    Yuandi_Zhuan                             0x08000c9f   Thumb Code   354  motor.o(.text)
    TIM1_PWM_Init                            0x08000e51   Thumb Code   168  pwm.o(.text)
    MPU_Write_Byte                           0x08000f01   Thumb Code    68  mpu6050.o(.text)
    MPU_Set_LPF                              0x08000f45   Thumb Code    58  mpu6050.o(.text)
    MPU_Set_Rate                             0x08000f7f   Thumb Code    58  mpu6050.o(.text)
    MPU_Read_Byte                            0x08000fb9   Thumb Code    58  mpu6050.o(.text)
    MPU_Set_Accel_Fsr                        0x08000ff3   Thumb Code    16  mpu6050.o(.text)
    MPU_Set_Gyro_Fsr                         0x08001003   Thumb Code    16  mpu6050.o(.text)
    MPU_Init                                 0x08001013   Thumb Code   122  mpu6050.o(.text)
    MPU_Read_Len                             0x0800108d   Thumb Code   116  mpu6050.o(.text)
    MPU_Get_Temperature                      0x08001101   Thumb Code    86  mpu6050.o(.text)
    MPU_Get_Gyroscope                        0x08001157   Thumb Code    80  mpu6050.o(.text)
    MPU_Get_Accelerometer                    0x080011a7   Thumb Code    80  mpu6050.o(.text)
    MPU_Write_Len                            0x080011f7   Thumb Code    96  mpu6050.o(.text)
    MPU_IIC_Delay                            0x08001269   Thumb Code    10  mpuiic.o(.text)
    MPU_IIC_Init                             0x08001273   Thumb Code    38  mpuiic.o(.text)
    MPU_IIC_Start                            0x08001299   Thumb Code    60  mpuiic.o(.text)
    MPU_IIC_Stop                             0x080012d5   Thumb Code    62  mpuiic.o(.text)
    MPU_IIC_Wait_Ack                         0x08001313   Thumb Code    86  mpuiic.o(.text)
    MPU_IIC_Ack                              0x08001369   Thumb Code    66  mpuiic.o(.text)
    MPU_IIC_NAck                             0x080013ab   Thumb Code    66  mpuiic.o(.text)
    MPU_IIC_Send_Byte                        0x080013ed   Thumb Code    82  mpuiic.o(.text)
    MPU_IIC_Read_Byte                        0x0800143f   Thumb Code    96  mpuiic.o(.text)
    mpu_reg_dump                             0x08001537   Thumb Code    84  inv_mpu.o(.text)
    mpu_read_reg                             0x0800158b   Thumb Code    66  inv_mpu.o(.text)
    mpu_set_int_latched                      0x080015cd   Thumb Code   102  inv_mpu.o(.text)
    mpu_set_sensors                          0x08001633   Thumb Code   202  inv_mpu.o(.text)
    mpu_set_bypass                           0x080016fd   Thumb Code   328  inv_mpu.o(.text)
    mpu_reset_fifo                           0x08001845   Thumb Code   472  inv_mpu.o(.text)
    mpu_configure_fifo                       0x08001a1d   Thumb Code   106  inv_mpu.o(.text)
    mpu_set_lpf                              0x08001a87   Thumb Code   126  inv_mpu.o(.text)
    mpu_lp_accel_mode                        0x08001b05   Thumb Code   218  inv_mpu.o(.text)
    mpu_set_sample_rate                      0x08001bdf   Thumb Code   152  inv_mpu.o(.text)
    mpu_set_accel_fsr                        0x08001c77   Thumb Code   132  inv_mpu.o(.text)
    mpu_set_gyro_fsr                         0x08001cfb   Thumb Code   132  inv_mpu.o(.text)
    mpu_init                                 0x08001d7f   Thumb Code   416  inv_mpu.o(.text)
    mget_ms                                  0x08001f1f   Thumb Code     2  inv_mpu.o(.text)
    mpu_get_gyro_reg                         0x08001f21   Thumb Code   110  inv_mpu.o(.text)
    mpu_get_accel_reg                        0x08001f8f   Thumb Code   110  inv_mpu.o(.text)
    mpu_get_temperature                      0x08001ffd   Thumb Code   150  inv_mpu.o(.text)
    mpu_set_accel_bias                       0x08002093   Thumb Code   468  inv_mpu.o(.text)
    mpu_get_gyro_fsr                         0x08002267   Thumb Code    64  inv_mpu.o(.text)
    mpu_get_accel_fsr                        0x080022a7   Thumb Code    72  inv_mpu.o(.text)
    mpu_get_lpf                              0x080022ef   Thumb Code    74  inv_mpu.o(.text)
    mpu_get_sample_rate                      0x08002339   Thumb Code    26  inv_mpu.o(.text)
    mpu_get_compass_sample_rate              0x08002353   Thumb Code    10  inv_mpu.o(.text)
    mpu_set_compass_sample_rate              0x0800235d   Thumb Code     8  inv_mpu.o(.text)
    mpu_get_gyro_sens                        0x08002365   Thumb Code    58  inv_mpu.o(.text)
    mpu_get_accel_sens                       0x0800239f   Thumb Code    78  inv_mpu.o(.text)
    mpu_get_fifo_config                      0x080023ed   Thumb Code    12  inv_mpu.o(.text)
    mpu_get_power_state                      0x080023f9   Thumb Code    22  inv_mpu.o(.text)
    mpu_get_int_status                       0x0800240f   Thumb Code    64  inv_mpu.o(.text)
    mpu_read_fifo                            0x0800244f   Thumb Code   520  inv_mpu.o(.text)
    mpu_read_fifo_stream                     0x08002657   Thumb Code   186  inv_mpu.o(.text)
    mpu_set_int_level                        0x08002711   Thumb Code    12  inv_mpu.o(.text)
    mpu_set_dmp_state                        0x08002def   Thumb Code   138  inv_mpu.o(.text)
    mpu_run_self_test                        0x08002e79   Thumb Code   278  inv_mpu.o(.text)
    mpu_write_mem                            0x08002f8f   Thumb Code   122  inv_mpu.o(.text)
    mpu_read_mem                             0x08003009   Thumb Code   122  inv_mpu.o(.text)
    mpu_load_firmware                        0x08003083   Thumb Code   192  inv_mpu.o(.text)
    mpu_get_dmp_state                        0x08003143   Thumb Code    14  inv_mpu.o(.text)
    setup_compass                            0x08003151   Thumb Code     6  inv_mpu.o(.text)
    mpu_get_compass_reg                      0x08003157   Thumb Code     8  inv_mpu.o(.text)
    mpu_get_compass_fsr                      0x0800315f   Thumb Code     8  inv_mpu.o(.text)
    mpu_lp_motion_interrupt                  0x08003167   Thumb Code   512  inv_mpu.o(.text)
    run_self_test                            0x08003367   Thumb Code   148  inv_mpu.o(.text)
    inv_row_2_scale                          0x080033fb   Thumb Code    78  inv_mpu.o(.text)
    inv_orientation_matrix_to_scalar         0x08003449   Thumb Code    40  inv_mpu.o(.text)
    mpu_dmp_init                             0x08003471   Thumb Code   148  inv_mpu.o(.text)
    mpu_dmp_get_data                         0x08003505   Thumb Code   554  inv_mpu.o(.text)
    dmp_load_motion_driver_firmware          0x08003735   Thumb Code    20  inv_mpu_dmp_motion_driver.o(.text)
    dmp_set_orientation                      0x08003749   Thumb Code   290  inv_mpu_dmp_motion_driver.o(.text)
    dmp_set_gyro_bias                        0x0800386b   Thumb Code   294  inv_mpu_dmp_motion_driver.o(.text)
    dmp_set_accel_bias                       0x08003991   Thumb Code   300  inv_mpu_dmp_motion_driver.o(.text)
    dmp_set_fifo_rate                        0x08003abd   Thumb Code   136  inv_mpu_dmp_motion_driver.o(.text)
    dmp_get_fifo_rate                        0x08003b45   Thumb Code    12  inv_mpu_dmp_motion_driver.o(.text)
    dmp_set_tap_thresh                       0x08003b51   Thumb Code   396  inv_mpu_dmp_motion_driver.o(.text)
    dmp_set_tap_axes                         0x08003cdd   Thumb Code    70  inv_mpu_dmp_motion_driver.o(.text)
    dmp_set_tap_count                        0x08003d23   Thumb Code    38  inv_mpu_dmp_motion_driver.o(.text)
    dmp_set_tap_time                         0x08003d49   Thumb Code    38  inv_mpu_dmp_motion_driver.o(.text)
    dmp_set_tap_time_multi                   0x08003d6f   Thumb Code    38  inv_mpu_dmp_motion_driver.o(.text)
    dmp_set_shake_reject_thresh              0x08003d95   Thumb Code    56  inv_mpu_dmp_motion_driver.o(.text)
    dmp_set_shake_reject_time                0x08003dcd   Thumb Code    38  inv_mpu_dmp_motion_driver.o(.text)
    dmp_set_shake_reject_timeout             0x08003df3   Thumb Code    38  inv_mpu_dmp_motion_driver.o(.text)
    dmp_get_pedometer_step_count             0x08003e19   Thumb Code    66  inv_mpu_dmp_motion_driver.o(.text)
    dmp_set_pedometer_step_count             0x08003e5b   Thumb Code    42  inv_mpu_dmp_motion_driver.o(.text)
    dmp_get_pedometer_walk_time              0x08003e85   Thumb Code    72  inv_mpu_dmp_motion_driver.o(.text)
    dmp_set_pedometer_walk_time              0x08003ecd   Thumb Code    48  inv_mpu_dmp_motion_driver.o(.text)
    dmp_enable_6x_lp_quat                    0x08003efd   Thumb Code    84  inv_mpu_dmp_motion_driver.o(.text)
    dmp_enable_lp_quat                       0x08003f51   Thumb Code    60  inv_mpu_dmp_motion_driver.o(.text)
    dmp_enable_gyro_cal                      0x08003f8d   Thumb Code    62  inv_mpu_dmp_motion_driver.o(.text)
    dmp_enable_feature                       0x08003fcb   Thumb Code   530  inv_mpu_dmp_motion_driver.o(.text)
    dmp_get_enabled_features                 0x080041dd   Thumb Code    12  inv_mpu_dmp_motion_driver.o(.text)
    dmp_set_interrupt_mode                   0x08004247   Thumb Code    66  inv_mpu_dmp_motion_driver.o(.text)
    dmp_read_fifo                            0x08004289   Thumb Code   514  inv_mpu_dmp_motion_driver.o(.text)
    dmp_register_tap_cb                      0x0800448b   Thumb Code    10  inv_mpu_dmp_motion_driver.o(.text)
    dmp_register_android_orient_cb           0x08004495   Thumb Code    10  inv_mpu_dmp_motion_driver.o(.text)
    TrackInit                                0x080044a5   Thumb Code    62  track.o(.text)
    Tracking_1                               0x080044e3   Thumb Code   620  track.o(.text)
    Tracking_2                               0x0800474f   Thumb Code   598  track.o(.text)
    Tracking_3                               0x080049a5   Thumb Code   672  track.o(.text)
    Tracking_4                               0x08004c45   Thumb Code   736  track.o(.text)
    TCS3200_Mode_Color                       0x08004f55   Thumb Code   114  tcs3200.o(.text)
    TCS3200_Mode                             0x08004fc7   Thumb Code   114  tcs3200.o(.text)
    TCS3200_Init                             0x08005039   Thumb Code    96  tcs3200.o(.text)
    TCS3200_Planning                         0x08005099   Thumb Code   632  tcs3200.o(.text)
    TCS3200_Determine                        0x08005311   Thumb Code   312  tcs3200.o(.text)
    TCS3200_White_balance                    0x08005449   Thumb Code   146  tcs3200.o(.text)
    TCS3200_Color_Recognition                0x080054db   Thumb Code    30  tcs3200.o(.text)
    TCS3200_Color_Re                         0x080054f9   Thumb Code   158  tcs3200.o(.text)
    uart2_Init                               0x080055b5   Thumb Code   126  usart2.o(.text)
    BluetoothCMD                             0x08005633   Thumb Code   146  usart2.o(.text)
    USART2_IRQHandler                        0x080056c5   Thumb Code    30  usart2.o(.text)
    Uart2SendByte                            0x080056e3   Thumb Code    28  usart2.o(.text)
    Uart2SendBuf                             0x080056ff   Thumb Code    28  usart2.o(.text)
    Uart2SendStr                             0x0800571b   Thumb Code    34  usart2.o(.text)
    TaoTong_Duoji                            0x0800576d   Thumb Code     2  duji.o(.text)
    TaoTong_DUOJI                            0x0800576f   Thumb Code     2  duji.o(.text)
    WuZhua_Duoji_5                           0x08005771   Thumb Code     2  duji.o(.text)
    WuZhua_Duoji_4                           0x08005773   Thumb Code     2  duji.o(.text)
    WuZhua_Duoji_3                           0x08005775   Thumb Code     2  duji.o(.text)
    WuZhua_Duoji_2                           0x08005777   Thumb Code     2  duji.o(.text)
    WuZhua_Duoji_1                           0x08005779   Thumb Code     2  duji.o(.text)
    WuZhua_DUOJI                             0x0800577b   Thumb Code     2  duji.o(.text)
    DuoJi_PWM_Init                           0x0800577d   Thumb Code     2  duji.o(.text)
    DuoJi_Init                               0x0800577f   Thumb Code    56  duji.o(.text)
    duoji_Control                            0x080057b7   Thumb Code   164  duji.o(.text)
    DuoJi_Control                            0x0800585b   Thumb Code    72  duji.o(.text)
    Reset_Handler                            0x080058ad   Thumb Code     8  startup_stm32f10x_md.o(.text)
    ADC1_2_IRQHandler                        0x080058c7   Thumb Code     0  startup_stm32f10x_md.o(.text)
    CAN1_RX1_IRQHandler                      0x080058c7   Thumb Code     0  startup_stm32f10x_md.o(.text)
    CAN1_SCE_IRQHandler                      0x080058c7   Thumb Code     0  startup_stm32f10x_md.o(.text)
    DMA1_Channel1_IRQHandler                 0x080058c7   Thumb Code     0  startup_stm32f10x_md.o(.text)
    DMA1_Channel2_IRQHandler                 0x080058c7   Thumb Code     0  startup_stm32f10x_md.o(.text)
    DMA1_Channel3_IRQHandler                 0x080058c7   Thumb Code     0  startup_stm32f10x_md.o(.text)
    DMA1_Channel4_IRQHandler                 0x080058c7   Thumb Code     0  startup_stm32f10x_md.o(.text)
    DMA1_Channel5_IRQHandler                 0x080058c7   Thumb Code     0  startup_stm32f10x_md.o(.text)
    DMA1_Channel6_IRQHandler                 0x080058c7   Thumb Code     0  startup_stm32f10x_md.o(.text)
    DMA1_Channel7_IRQHandler                 0x080058c7   Thumb Code     0  startup_stm32f10x_md.o(.text)
    EXTI15_10_IRQHandler                     0x080058c7   Thumb Code     0  startup_stm32f10x_md.o(.text)
    EXTI1_IRQHandler                         0x080058c7   Thumb Code     0  startup_stm32f10x_md.o(.text)
    EXTI2_IRQHandler                         0x080058c7   Thumb Code     0  startup_stm32f10x_md.o(.text)
    EXTI3_IRQHandler                         0x080058c7   Thumb Code     0  startup_stm32f10x_md.o(.text)
    EXTI4_IRQHandler                         0x080058c7   Thumb Code     0  startup_stm32f10x_md.o(.text)
    FLASH_IRQHandler                         0x080058c7   Thumb Code     0  startup_stm32f10x_md.o(.text)
    I2C1_ER_IRQHandler                       0x080058c7   Thumb Code     0  startup_stm32f10x_md.o(.text)
    I2C1_EV_IRQHandler                       0x080058c7   Thumb Code     0  startup_stm32f10x_md.o(.text)
    I2C2_ER_IRQHandler                       0x080058c7   Thumb Code     0  startup_stm32f10x_md.o(.text)
    I2C2_EV_IRQHandler                       0x080058c7   Thumb Code     0  startup_stm32f10x_md.o(.text)
    PVD_IRQHandler                           0x080058c7   Thumb Code     0  startup_stm32f10x_md.o(.text)
    RCC_IRQHandler                           0x080058c7   Thumb Code     0  startup_stm32f10x_md.o(.text)
    RTCAlarm_IRQHandler                      0x080058c7   Thumb Code     0  startup_stm32f10x_md.o(.text)
    RTC_IRQHandler                           0x080058c7   Thumb Code     0  startup_stm32f10x_md.o(.text)
    SPI1_IRQHandler                          0x080058c7   Thumb Code     0  startup_stm32f10x_md.o(.text)
    SPI2_IRQHandler                          0x080058c7   Thumb Code     0  startup_stm32f10x_md.o(.text)
    TAMPER_IRQHandler                        0x080058c7   Thumb Code     0  startup_stm32f10x_md.o(.text)
    TIM1_BRK_IRQHandler                      0x080058c7   Thumb Code     0  startup_stm32f10x_md.o(.text)
    TIM1_CC_IRQHandler                       0x080058c7   Thumb Code     0  startup_stm32f10x_md.o(.text)
    TIM1_TRG_COM_IRQHandler                  0x080058c7   Thumb Code     0  startup_stm32f10x_md.o(.text)
    TIM1_UP_IRQHandler                       0x080058c7   Thumb Code     0  startup_stm32f10x_md.o(.text)
    TIM2_IRQHandler                          0x080058c7   Thumb Code     0  startup_stm32f10x_md.o(.text)
    TIM3_IRQHandler                          0x080058c7   Thumb Code     0  startup_stm32f10x_md.o(.text)
    TIM4_IRQHandler                          0x080058c7   Thumb Code     0  startup_stm32f10x_md.o(.text)
    USART1_IRQHandler                        0x080058c7   Thumb Code     0  startup_stm32f10x_md.o(.text)
    USART3_IRQHandler                        0x080058c7   Thumb Code     0  startup_stm32f10x_md.o(.text)
    USBWakeUp_IRQHandler                     0x080058c7   Thumb Code     0  startup_stm32f10x_md.o(.text)
    USB_HP_CAN1_TX_IRQHandler                0x080058c7   Thumb Code     0  startup_stm32f10x_md.o(.text)
    USB_LP_CAN1_RX0_IRQHandler               0x080058c7   Thumb Code     0  startup_stm32f10x_md.o(.text)
    WWDG_IRQHandler                          0x080058c7   Thumb Code     0  startup_stm32f10x_md.o(.text)
    NVIC_PriorityGroupConfig                 0x080058d1   Thumb Code    10  misc.o(.text)
    NVIC_Init                                0x080058db   Thumb Code   100  misc.o(.text)
    NVIC_SetVectorTable                      0x0800593f   Thumb Code    14  misc.o(.text)
    NVIC_SystemLPConfig                      0x0800594d   Thumb Code    34  misc.o(.text)
    SysTick_CLKSourceConfig                  0x0800596f   Thumb Code    40  misc.o(.text)
    EXTI_DeInit                              0x080059ad   Thumb Code    28  stm32f10x_exti.o(.text)
    EXTI_Init                                0x080059c9   Thumb Code   142  stm32f10x_exti.o(.text)
    EXTI_StructInit                          0x08005a57   Thumb Code    16  stm32f10x_exti.o(.text)
    EXTI_GenerateSWInterrupt                 0x08005a67   Thumb Code    16  stm32f10x_exti.o(.text)
    EXTI_GetFlagStatus                       0x08005a77   Thumb Code    22  stm32f10x_exti.o(.text)
    EXTI_ClearFlag                           0x08005a8d   Thumb Code     8  stm32f10x_exti.o(.text)
    EXTI_GetITStatus                         0x08005a95   Thumb Code    34  stm32f10x_exti.o(.text)
    EXTI_ClearITPendingBit                   0x08005ab7   Thumb Code     8  stm32f10x_exti.o(.text)
    GPIO_DeInit                              0x08005ac9   Thumb Code   172  stm32f10x_gpio.o(.text)
    GPIO_AFIODeInit                          0x08005b75   Thumb Code    20  stm32f10x_gpio.o(.text)
    GPIO_Init                                0x08005b89   Thumb Code   278  stm32f10x_gpio.o(.text)
    GPIO_StructInit                          0x08005c9f   Thumb Code    16  stm32f10x_gpio.o(.text)
    GPIO_ReadInputDataBit                    0x08005caf   Thumb Code    18  stm32f10x_gpio.o(.text)
    GPIO_ReadInputData                       0x08005cc1   Thumb Code     8  stm32f10x_gpio.o(.text)
    GPIO_ReadOutputDataBit                   0x08005cc9   Thumb Code    18  stm32f10x_gpio.o(.text)
    GPIO_ReadOutputData                      0x08005cdb   Thumb Code     8  stm32f10x_gpio.o(.text)
    GPIO_SetBits                             0x08005ce3   Thumb Code     4  stm32f10x_gpio.o(.text)
    GPIO_ResetBits                           0x08005ce7   Thumb Code     4  stm32f10x_gpio.o(.text)
    GPIO_WriteBit                            0x08005ceb   Thumb Code    10  stm32f10x_gpio.o(.text)
    GPIO_Write                               0x08005cf5   Thumb Code     4  stm32f10x_gpio.o(.text)
    GPIO_PinLockConfig                       0x08005cf9   Thumb Code    18  stm32f10x_gpio.o(.text)
    GPIO_EventOutputConfig                   0x08005d0b   Thumb Code    26  stm32f10x_gpio.o(.text)
    GPIO_EventOutputCmd                      0x08005d25   Thumb Code     6  stm32f10x_gpio.o(.text)
    GPIO_PinRemapConfig                      0x08005d2b   Thumb Code   138  stm32f10x_gpio.o(.text)
    GPIO_EXTILineConfig                      0x08005db5   Thumb Code    66  stm32f10x_gpio.o(.text)
    GPIO_ETH_MediaInterfaceConfig            0x08005df7   Thumb Code     8  stm32f10x_gpio.o(.text)
    RCC_DeInit                               0x08005e25   Thumb Code    64  stm32f10x_rcc.o(.text)
    RCC_HSEConfig                            0x08005e65   Thumb Code    70  stm32f10x_rcc.o(.text)
    RCC_GetFlagStatus                        0x08005eab   Thumb Code    56  stm32f10x_rcc.o(.text)
    RCC_WaitForHSEStartUp                    0x08005ee3   Thumb Code    56  stm32f10x_rcc.o(.text)
    RCC_AdjustHSICalibrationValue            0x08005f1b   Thumb Code    20  stm32f10x_rcc.o(.text)
    RCC_HSICmd                               0x08005f2f   Thumb Code     6  stm32f10x_rcc.o(.text)
    RCC_PLLConfig                            0x08005f35   Thumb Code    24  stm32f10x_rcc.o(.text)
    RCC_PLLCmd                               0x08005f4d   Thumb Code     6  stm32f10x_rcc.o(.text)
    RCC_SYSCLKConfig                         0x08005f53   Thumb Code    18  stm32f10x_rcc.o(.text)
    RCC_GetSYSCLKSource                      0x08005f65   Thumb Code    10  stm32f10x_rcc.o(.text)
    RCC_HCLKConfig                           0x08005f6f   Thumb Code    18  stm32f10x_rcc.o(.text)
    RCC_PCLK1Config                          0x08005f81   Thumb Code    18  stm32f10x_rcc.o(.text)
    RCC_PCLK2Config                          0x08005f93   Thumb Code    20  stm32f10x_rcc.o(.text)
    RCC_ITConfig                             0x08005fa7   Thumb Code    26  stm32f10x_rcc.o(.text)
    RCC_USBCLKConfig                         0x08005fc1   Thumb Code     8  stm32f10x_rcc.o(.text)
    RCC_ADCCLKConfig                         0x08005fc9   Thumb Code    18  stm32f10x_rcc.o(.text)
    RCC_LSEConfig                            0x08005fdb   Thumb Code    50  stm32f10x_rcc.o(.text)
    RCC_LSICmd                               0x0800600d   Thumb Code     6  stm32f10x_rcc.o(.text)
    RCC_RTCCLKConfig                         0x08006013   Thumb Code    12  stm32f10x_rcc.o(.text)
    RCC_RTCCLKCmd                            0x0800601f   Thumb Code     8  stm32f10x_rcc.o(.text)
    RCC_GetClocksFreq                        0x08006027   Thumb Code   192  stm32f10x_rcc.o(.text)
    RCC_AHBPeriphClockCmd                    0x080060e7   Thumb Code    26  stm32f10x_rcc.o(.text)
    RCC_APB2PeriphClockCmd                   0x08006101   Thumb Code    26  stm32f10x_rcc.o(.text)
    RCC_APB1PeriphClockCmd                   0x0800611b   Thumb Code    26  stm32f10x_rcc.o(.text)
    RCC_APB2PeriphResetCmd                   0x08006135   Thumb Code    26  stm32f10x_rcc.o(.text)
    RCC_APB1PeriphResetCmd                   0x0800614f   Thumb Code    26  stm32f10x_rcc.o(.text)
    RCC_BackupResetCmd                       0x08006169   Thumb Code     8  stm32f10x_rcc.o(.text)
    RCC_ClockSecuritySystemCmd               0x08006171   Thumb Code     6  stm32f10x_rcc.o(.text)
    RCC_MCOConfig                            0x08006177   Thumb Code     6  stm32f10x_rcc.o(.text)
    RCC_ClearFlag                            0x0800617d   Thumb Code    14  stm32f10x_rcc.o(.text)
    RCC_GetITStatus                          0x0800618b   Thumb Code    20  stm32f10x_rcc.o(.text)
    RCC_ClearITPendingBit                    0x0800619f   Thumb Code     6  stm32f10x_rcc.o(.text)
    TIM_DeInit                               0x080061c9   Thumb Code   424  stm32f10x_tim.o(.text)
    TIM_TimeBaseInit                         0x08006371   Thumb Code   122  stm32f10x_tim.o(.text)
    TIM_OC1Init                              0x080063eb   Thumb Code   132  stm32f10x_tim.o(.text)
    TIM_OC2Init                              0x0800646f   Thumb Code   154  stm32f10x_tim.o(.text)
    TIM_OC3Init                              0x08006509   Thumb Code   150  stm32f10x_tim.o(.text)
    TIM_OC4Init                              0x0800659f   Thumb Code   182  stm32f10x_tim.o(.text)
    TIM_SetIC4Prescaler                      0x08006655   Thumb Code    26  stm32f10x_tim.o(.text)
    TIM_SetIC3Prescaler                      0x080066f1   Thumb Code    18  stm32f10x_tim.o(.text)
    TIM_SetIC2Prescaler                      0x0800677d   Thumb Code    26  stm32f10x_tim.o(.text)
    TIM_SetIC1Prescaler                      0x08006819   Thumb Code    18  stm32f10x_tim.o(.text)
    TIM_ICInit                               0x08006897   Thumb Code   150  stm32f10x_tim.o(.text)
    TIM_PWMIConfig                           0x0800692d   Thumb Code   124  stm32f10x_tim.o(.text)
    TIM_BDTRConfig                           0x080069a9   Thumb Code    32  stm32f10x_tim.o(.text)
    TIM_TimeBaseStructInit                   0x080069c9   Thumb Code    18  stm32f10x_tim.o(.text)
    TIM_OCStructInit                         0x080069db   Thumb Code    20  stm32f10x_tim.o(.text)
    TIM_ICStructInit                         0x080069ef   Thumb Code    18  stm32f10x_tim.o(.text)
    TIM_BDTRStructInit                       0x08006a01   Thumb Code    40  stm32f10x_tim.o(.text)
    TIM_Cmd                                  0x08006a29   Thumb Code    24  stm32f10x_tim.o(.text)
    TIM_CtrlPWMOutputs                       0x08006a41   Thumb Code    30  stm32f10x_tim.o(.text)
    TIM_ITConfig                             0x08006a5f   Thumb Code    18  stm32f10x_tim.o(.text)
    TIM_GenerateEvent                        0x08006a71   Thumb Code     4  stm32f10x_tim.o(.text)
    TIM_DMAConfig                            0x08006a75   Thumb Code    10  stm32f10x_tim.o(.text)
    TIM_DMACmd                               0x08006a7f   Thumb Code    18  stm32f10x_tim.o(.text)
    TIM_InternalClockConfig                  0x08006a91   Thumb Code    12  stm32f10x_tim.o(.text)
    TIM_SelectInputTrigger                   0x08006a9d   Thumb Code    18  stm32f10x_tim.o(.text)
    TIM_ITRxExternalClockConfig              0x08006aaf   Thumb Code    24  stm32f10x_tim.o(.text)
    TIM_TIxExternalClockConfig               0x08006ac7   Thumb Code    62  stm32f10x_tim.o(.text)
    TIM_ETRConfig                            0x08006b05   Thumb Code    28  stm32f10x_tim.o(.text)
    TIM_ETRClockMode1Config                  0x08006b21   Thumb Code    54  stm32f10x_tim.o(.text)
    TIM_ETRClockMode2Config                  0x08006b57   Thumb Code    32  stm32f10x_tim.o(.text)
    TIM_PrescalerConfig                      0x08006b77   Thumb Code     6  stm32f10x_tim.o(.text)
    TIM_CounterModeConfig                    0x08006b7d   Thumb Code    18  stm32f10x_tim.o(.text)
    TIM_EncoderInterfaceConfig               0x08006b8f   Thumb Code    66  stm32f10x_tim.o(.text)
    TIM_ForcedOC1Config                      0x08006bd1   Thumb Code    18  stm32f10x_tim.o(.text)
    TIM_ForcedOC2Config                      0x08006be3   Thumb Code    26  stm32f10x_tim.o(.text)
    TIM_ForcedOC3Config                      0x08006bfd   Thumb Code    18  stm32f10x_tim.o(.text)
    TIM_ForcedOC4Config                      0x08006c0f   Thumb Code    26  stm32f10x_tim.o(.text)
    TIM_ARRPreloadConfig                     0x08006c29   Thumb Code    24  stm32f10x_tim.o(.text)
    TIM_SelectCOM                            0x08006c41   Thumb Code    24  stm32f10x_tim.o(.text)
    TIM_SelectCCDMA                          0x08006c59   Thumb Code    24  stm32f10x_tim.o(.text)
    TIM_CCPreloadControl                     0x08006c71   Thumb Code    24  stm32f10x_tim.o(.text)
    TIM_OC1PreloadConfig                     0x08006c89   Thumb Code    18  stm32f10x_tim.o(.text)
    TIM_OC2PreloadConfig                     0x08006c9b   Thumb Code    26  stm32f10x_tim.o(.text)
    TIM_OC3PreloadConfig                     0x08006cb5   Thumb Code    18  stm32f10x_tim.o(.text)
    TIM_OC4PreloadConfig                     0x08006cc7   Thumb Code    26  stm32f10x_tim.o(.text)
    TIM_OC1FastConfig                        0x08006ce1   Thumb Code    18  stm32f10x_tim.o(.text)
    TIM_OC2FastConfig                        0x08006cf3   Thumb Code    26  stm32f10x_tim.o(.text)
    TIM_OC3FastConfig                        0x08006d0d   Thumb Code    18  stm32f10x_tim.o(.text)
    TIM_OC4FastConfig                        0x08006d1f   Thumb Code    26  stm32f10x_tim.o(.text)
    TIM_ClearOC1Ref                          0x08006d39   Thumb Code    18  stm32f10x_tim.o(.text)
    TIM_ClearOC2Ref                          0x08006d4b   Thumb Code    24  stm32f10x_tim.o(.text)
    TIM_ClearOC3Ref                          0x08006d63   Thumb Code    18  stm32f10x_tim.o(.text)
    TIM_ClearOC4Ref                          0x08006d75   Thumb Code    24  stm32f10x_tim.o(.text)
    TIM_OC1PolarityConfig                    0x08006d8d   Thumb Code    18  stm32f10x_tim.o(.text)
    TIM_OC1NPolarityConfig                   0x08006d9f   Thumb Code    18  stm32f10x_tim.o(.text)
    TIM_OC2PolarityConfig                    0x08006db1   Thumb Code    26  stm32f10x_tim.o(.text)
    TIM_OC2NPolarityConfig                   0x08006dcb   Thumb Code    26  stm32f10x_tim.o(.text)
    TIM_OC3PolarityConfig                    0x08006de5   Thumb Code    26  stm32f10x_tim.o(.text)
    TIM_OC3NPolarityConfig                   0x08006dff   Thumb Code    26  stm32f10x_tim.o(.text)
    TIM_OC4PolarityConfig                    0x08006e19   Thumb Code    26  stm32f10x_tim.o(.text)
    TIM_CCxCmd                               0x08006e33   Thumb Code    30  stm32f10x_tim.o(.text)
    TIM_CCxNCmd                              0x08006e51   Thumb Code    30  stm32f10x_tim.o(.text)
    TIM_SelectOCxM                           0x08006e6f   Thumb Code    82  stm32f10x_tim.o(.text)
    TIM_UpdateDisableConfig                  0x08006ec1   Thumb Code    24  stm32f10x_tim.o(.text)
    TIM_UpdateRequestConfig                  0x08006ed9   Thumb Code    24  stm32f10x_tim.o(.text)
    TIM_SelectHallSensor                     0x08006ef1   Thumb Code    24  stm32f10x_tim.o(.text)
    TIM_SelectOnePulseMode                   0x08006f09   Thumb Code    18  stm32f10x_tim.o(.text)
    TIM_SelectOutputTrigger                  0x08006f1b   Thumb Code    18  stm32f10x_tim.o(.text)
    TIM_SelectSlaveMode                      0x08006f2d   Thumb Code    18  stm32f10x_tim.o(.text)
    TIM_SelectMasterSlaveMode                0x08006f3f   Thumb Code    18  stm32f10x_tim.o(.text)
    TIM_SetCounter                           0x08006f51   Thumb Code     4  stm32f10x_tim.o(.text)
    TIM_SetAutoreload                        0x08006f55   Thumb Code     4  stm32f10x_tim.o(.text)
    TIM_SetCompare1                          0x08006f59   Thumb Code     4  stm32f10x_tim.o(.text)
    TIM_SetCompare2                          0x08006f5d   Thumb Code     4  stm32f10x_tim.o(.text)
    TIM_SetCompare3                          0x08006f61   Thumb Code     4  stm32f10x_tim.o(.text)
    TIM_SetCompare4                          0x08006f65   Thumb Code     6  stm32f10x_tim.o(.text)
    TIM_SetClockDivision                     0x08006f6b   Thumb Code    18  stm32f10x_tim.o(.text)
    TIM_GetCapture1                          0x08006f7d   Thumb Code     6  stm32f10x_tim.o(.text)
    TIM_GetCapture2                          0x08006f83   Thumb Code     6  stm32f10x_tim.o(.text)
    TIM_GetCapture3                          0x08006f89   Thumb Code     6  stm32f10x_tim.o(.text)
    TIM_GetCapture4                          0x08006f8f   Thumb Code     8  stm32f10x_tim.o(.text)
    TIM_GetCounter                           0x08006f97   Thumb Code     6  stm32f10x_tim.o(.text)
    TIM_GetPrescaler                         0x08006f9d   Thumb Code     6  stm32f10x_tim.o(.text)
    TIM_GetFlagStatus                        0x08006fa3   Thumb Code    18  stm32f10x_tim.o(.text)
    TIM_ClearFlag                            0x08006fb5   Thumb Code     6  stm32f10x_tim.o(.text)
    TIM_GetITStatus                          0x08006fbb   Thumb Code    34  stm32f10x_tim.o(.text)
    TIM_ClearITPendingBit                    0x08006fdd   Thumb Code     6  stm32f10x_tim.o(.text)
    USART_DeInit                             0x08006fe5   Thumb Code   134  stm32f10x_usart.o(.text)
    USART_Init                               0x0800706b   Thumb Code   210  stm32f10x_usart.o(.text)
    USART_StructInit                         0x0800713d   Thumb Code    24  stm32f10x_usart.o(.text)
    USART_ClockInit                          0x08007155   Thumb Code    34  stm32f10x_usart.o(.text)
    USART_ClockStructInit                    0x08007177   Thumb Code    12  stm32f10x_usart.o(.text)
    USART_Cmd                                0x08007183   Thumb Code    24  stm32f10x_usart.o(.text)
    USART_ITConfig                           0x0800719b   Thumb Code    74  stm32f10x_usart.o(.text)
    USART_DMACmd                             0x080071e5   Thumb Code    18  stm32f10x_usart.o(.text)
    USART_SetAddress                         0x080071f7   Thumb Code    18  stm32f10x_usart.o(.text)
    USART_WakeUpConfig                       0x08007209   Thumb Code    18  stm32f10x_usart.o(.text)
    USART_ReceiverWakeUpCmd                  0x0800721b   Thumb Code    24  stm32f10x_usart.o(.text)
    USART_LINBreakDetectLengthConfig         0x08007233   Thumb Code    18  stm32f10x_usart.o(.text)
    USART_LINCmd                             0x08007245   Thumb Code    24  stm32f10x_usart.o(.text)
    USART_SendData                           0x0800725d   Thumb Code     8  stm32f10x_usart.o(.text)
    USART_ReceiveData                        0x08007265   Thumb Code    10  stm32f10x_usart.o(.text)
    USART_SendBreak                          0x0800726f   Thumb Code    10  stm32f10x_usart.o(.text)
    USART_SetGuardTime                       0x08007279   Thumb Code    16  stm32f10x_usart.o(.text)
    USART_SetPrescaler                       0x08007289   Thumb Code    16  stm32f10x_usart.o(.text)
    USART_SmartCardCmd                       0x08007299   Thumb Code    24  stm32f10x_usart.o(.text)
    USART_SmartCardNACKCmd                   0x080072b1   Thumb Code    24  stm32f10x_usart.o(.text)
    USART_HalfDuplexCmd                      0x080072c9   Thumb Code    24  stm32f10x_usart.o(.text)
    USART_OverSampling8Cmd                   0x080072e1   Thumb Code    22  stm32f10x_usart.o(.text)
    USART_OneBitMethodCmd                    0x080072f7   Thumb Code    24  stm32f10x_usart.o(.text)
    USART_IrDAConfig                         0x0800730f   Thumb Code    18  stm32f10x_usart.o(.text)
    USART_IrDACmd                            0x08007321   Thumb Code    24  stm32f10x_usart.o(.text)
    USART_GetFlagStatus                      0x08007339   Thumb Code    26  stm32f10x_usart.o(.text)
    USART_ClearFlag                          0x08007353   Thumb Code    18  stm32f10x_usart.o(.text)
    USART_GetITStatus                        0x08007365   Thumb Code    84  stm32f10x_usart.o(.text)
    USART_ClearITPendingBit                  0x080073b9   Thumb Code    52  stm32f10x_usart.o(.text)
    __aeabi_ldivmod                          0x080073ed   Thumb Code    98  ldiv.o(.text)
    __aeabi_memset                           0x0800744f   Thumb Code    14  memseta.o(.text)
    __aeabi_memset4                          0x0800744f   Thumb Code     0  memseta.o(.text)
    __aeabi_memset8                          0x0800744f   Thumb Code     0  memseta.o(.text)
    __aeabi_memclr                           0x0800745d   Thumb Code     4  memseta.o(.text)
    __aeabi_memclr4                          0x0800745d   Thumb Code     0  memseta.o(.text)
    __aeabi_memclr8                          0x0800745d   Thumb Code     0  memseta.o(.text)
    _memset$wrapper                          0x08007461   Thumb Code    18  memseta.o(.text)
    strlen                                   0x08007473   Thumb Code    14  strlen.o(.text)
    memcmp                                   0x08007481   Thumb Code    26  memcmp.o(.text)
    __aeabi_fadd                             0x0800749b   Thumb Code   164  fadd.o(.text)
    __aeabi_fsub                             0x0800753f   Thumb Code     6  fadd.o(.text)
    __aeabi_frsub                            0x08007545   Thumb Code     6  fadd.o(.text)
    __aeabi_fmul                             0x0800754b   Thumb Code   100  fmul.o(.text)
    __aeabi_fdiv                             0x080075af   Thumb Code   124  fdiv.o(.text)
    __aeabi_dadd                             0x0800762b   Thumb Code   322  dadd.o(.text)
    __aeabi_dsub                             0x0800776d   Thumb Code     6  dadd.o(.text)
    __aeabi_drsub                            0x08007773   Thumb Code     6  dadd.o(.text)
    __aeabi_dmul                             0x08007779   Thumb Code   228  dmul.o(.text)
    __aeabi_ddiv                             0x0800785d   Thumb Code   222  ddiv.o(.text)
    __aeabi_i2f                              0x0800793b   Thumb Code    18  fflti.o(.text)
    __aeabi_ui2f                             0x0800794d   Thumb Code    10  ffltui.o(.text)
    __aeabi_i2d                              0x08007957   Thumb Code    34  dflti.o(.text)
    __aeabi_f2iz                             0x08007979   Thumb Code    50  ffixi.o(.text)
    __aeabi_f2uiz                            0x080079ab   Thumb Code    40  ffixui.o(.text)
    __aeabi_f2d                              0x080079d3   Thumb Code    38  f2d.o(.text)
    __aeabi_d2f                              0x080079f9   Thumb Code    56  d2f.o(.text)
    __aeabi_cfcmpeq                          0x08007a31   Thumb Code     0  cfcmple.o(.text)
    __aeabi_cfcmple                          0x08007a31   Thumb Code    20  cfcmple.o(.text)
    __aeabi_cfrcmple                         0x08007a45   Thumb Code    20  cfrcmple.o(.text)
    __aeabi_uldivmod                         0x08007a59   Thumb Code    98  uldiv.o(.text)
    __aeabi_llsl                             0x08007abb   Thumb Code    30  llshl.o(.text)
    _ll_shift_l                              0x08007abb   Thumb Code     0  llshl.o(.text)
    __aeabi_lasr                             0x08007ad9   Thumb Code    36  llsshr.o(.text)
    _ll_sshift_r                             0x08007ad9   Thumb Code     0  llsshr.o(.text)
    __I$use$fp                               0x08007afd   Thumb Code     0  iusefp.o(.text)
    _float_round                             0x08007afd   Thumb Code    18  fepilogue.o(.text)
    _float_epilogue                          0x08007b0f   Thumb Code    92  fepilogue.o(.text)
    _double_round                            0x08007b6b   Thumb Code    30  depilogue.o(.text)
    _double_epilogue                         0x08007b89   Thumb Code   156  depilogue.o(.text)
    __ARM_scalbn                             0x08007c25   Thumb Code    46  dscalb.o(.text)
    scalbn                                   0x08007c25   Thumb Code     0  dscalb.o(.text)
    __aeabi_cdcmpeq                          0x08007c55   Thumb Code     0  cdcmple.o(.text)
    __aeabi_cdcmple                          0x08007c55   Thumb Code    48  cdcmple.o(.text)
    __scatterload                            0x08007c85   Thumb Code    28  init.o(.text)
    __scatterload_rt2                        0x08007c85   Thumb Code     0  init.o(.text)
    __aeabi_llsr                             0x08007ca9   Thumb Code    32  llushr.o(.text)
    __semihosting_library_function           0x08007ca9   Thumb Code     0  semi.o(.text)
    _ll_ushift_r                             0x08007ca9   Thumb Code     0  llushr.o(.text)
    __I$use$semihosting$fputc                0x08007cc9   Thumb Code     0  iusesemip.o(.text)
    _dsqrt                                   0x08007cc9   Thumb Code   162  dsqrt.o(.text)
    __0printf$8                              0x08007d6d   Thumb Code    22  printf8.o(i.__0printf$8)
    __1printf$8                              0x08007d6d   Thumb Code     0  printf8.o(i.__0printf$8)
    __2printf                                0x08007d6d   Thumb Code     0  printf8.o(i.__0printf$8)
    __ARM_fpclassify                         0x08007d8d   Thumb Code    40  fpclassify.o(i.__ARM_fpclassify)
    __kernel_poly                            0x08007db5   Thumb Code   170  poly.o(i.__kernel_poly)
    __mathlib_dbl_infnan                     0x08007e5f   Thumb Code     6  dunder.o(i.__mathlib_dbl_infnan)
    __mathlib_dbl_infnan2                    0x08007e65   Thumb Code     4  dunder.o(i.__mathlib_dbl_infnan2)
    __mathlib_dbl_invalid                    0x08007e69   Thumb Code    12  dunder.o(i.__mathlib_dbl_invalid)
    __mathlib_dbl_underflow                  0x08007e75   Thumb Code    10  dunder.o(i.__mathlib_dbl_underflow)
    __scatterload_copy                       0x08007e85   Thumb Code    14  handlers.o(i.__scatterload_copy)
    __scatterload_null                       0x08007e93   Thumb Code     2  handlers.o(i.__scatterload_null)
    __scatterload_zeroinit                   0x08007e95   Thumb Code    14  handlers.o(i.__scatterload_zeroinit)
    __set_errno                              0x08007ea5   Thumb Code     6  errno.o(i.__set_errno)
    asin                                     0x08008309   Thumb Code   572  asin.o(i.asin)
    atan                                     0x08008579   Thumb Code   474  atan.o(i.atan)
    atan2                                    0x08008799   Thumb Code   374  atan2.o(i.atan2)
    fputc                                    0x08008935   Thumb Code    18  fputc.o(i.fputc)
    sqrt                                     0x08008947   Thumb Code    76  sqrt.o(i.sqrt)
    PID                                      0x08008994   Data          12  control.o(.constdata)
    reg                                      0x080089a0   Data          27  inv_mpu.o(.constdata)
    hw                                       0x080089bc   Data          12  inv_mpu.o(.constdata)
    test                                     0x080089c8   Data          40  inv_mpu.o(.constdata)
    __mathlib_zero                           0x080096d0   Data           8  qnan.o(.constdata)
    Region$$Table$$Base                      0x08009728   Number         0  anon$$obj.o(Region$$Table)
    Region$$Table$$Limit                     0x08009748   Number         0  anon$$obj.o(Region$$Table)
    gyrox                                    0x20000000   Data           2  main.o(.data)
    gyroy                                    0x20000002   Data           2  main.o(.data)
    gyroz                                    0x20000004   Data           2  main.o(.data)
    Encoder_Left                             0x20000008   Data           4  main.o(.data)
    Encoder_Right                            0x2000000c   Data           4  main.o(.data)
    Motor_Left                               0x20000010   Data           4  main.o(.data)
    Motor_Right                              0x20000014   Data           4  main.o(.data)
    Target_Speed_L                           0x20000018   Data           4  main.o(.data)
    Target_Speed_R                           0x2000001c   Data           4  main.o(.data)
    Angle_Left                               0x20000020   Data           4  main.o(.data)
    Angle_Right                              0x20000024   Data           4  main.o(.data)
    Trackflog                                0x20000028   Data           2  main.o(.data)
    Zhuan_End                                0x2000002a   Data           2  main.o(.data)
    Miflog                                   0x2000002c   Data           2  main.o(.data)
    DanWu_flog                               0x2000002e   Data           2  main.o(.data)
    Color_Flog                               0x20000030   Data           2  main.o(.data)
    White_balance_Flog                       0x20000032   Data           2  main.o(.data)
    TCs3200_ON_Flog                          0x20000034   Data           2  main.o(.data)
    TCS3200_Pa_Pl_Flog                       0x20000036   Data           2  main.o(.data)
    DUOJI_ON_Flog                            0x20000038   Data           2  main.o(.data)
    DUOJI_OFF_Flog                           0x2000003a   Data           2  main.o(.data)
    DUOJI_Flog                               0x2000003c   Data           2  main.o(.data)
    duoji_Flog                               0x2000003e   Data           2  main.o(.data)
    Color_Num                                0x20000040   Data           4  main.o(.data)
    R_Divisor                                0x20000044   Data           4  main.o(.data)
    G_Divisor                                0x20000048   Data           4  main.o(.data)
    B_Divisor                                0x2000004c   Data           4  main.o(.data)
    SystemCoreClock                          0x20000050   Data           4  system_stm32f10x.o(.data)
    AHBPrescTable                            0x20000054   Data          16  system_stm32f10x.o(.data)
    __stdout                                 0x200000c0   Data           4  stdout.o(.data)
    Color_RGB                                0x200000c8   Data          12  main.o(.bss)
    RGB                                      0x200000d4   Data          12  main.o(.bss)
    Planning                                 0x200000e0   Data          20  main.o(.bss)
    PID1_Structure                           0x200000f4   Data          72  control.o(.bss)
    PID2_Structure                           0x2000013c   Data          72  control.o(.bss)
    __initial_sp                             0x20000598   Data           0  startup_stm32f10x_md.o(STACK)



==============================================================================

Memory Map of the image

  Image Entry point : 0x080000ed

  Load Region LR_IROM1 (Base: 0x08000000, Size: 0x00009810, Max: 0x00010000, ABSOLUTE)

    Execution Region ER_IROM1 (Exec base: 0x08000000, Load base: 0x08000000, Size: 0x00009748, Max: 0x00010000, ABSOLUTE)

    Exec Addr    Load Addr    Size         Type   Attr      Idx    E Section Name        Object

    0x08000000   0x08000000   0x000000ec   Data   RO          522    RESET               startup_stm32f10x_md.o
    0x080000ec   0x080000ec   0x00000000   Code   RO          775  * .ARM.Collect$$$$00000000  mc_w.l(entry.o)
    0x080000ec   0x080000ec   0x00000004   Code   RO         1114    .ARM.Collect$$$$00000001  mc_w.l(entry2.o)
    0x080000f0   0x080000f0   0x00000004   Code   RO         1117    .ARM.Collect$$$$00000004  mc_w.l(entry5.o)
    0x080000f4   0x080000f4   0x00000000   Code   RO         1119    .ARM.Collect$$$$00000008  mc_w.l(entry7b.o)
    0x080000f4   0x080000f4   0x00000000   Code   RO         1121    .ARM.Collect$$$$0000000A  mc_w.l(entry8b.o)
    0x080000f4   0x080000f4   0x00000008   Code   RO         1122    .ARM.Collect$$$$0000000B  mc_w.l(entry9a.o)
    0x080000fc   0x080000fc   0x00000004   Code   RO         1129    .ARM.Collect$$$$0000000E  mc_w.l(entry12b.o)
    0x08000100   0x08000100   0x00000000   Code   RO         1124    .ARM.Collect$$$$0000000F  mc_w.l(entry10a.o)
    0x08000100   0x08000100   0x00000000   Code   RO         1126    .ARM.Collect$$$$00000011  mc_w.l(entry11a.o)
    0x08000100   0x08000100   0x00000004   Code   RO         1115    .ARM.Collect$$$$00002712  mc_w.l(entry2.o)
    0x08000104   0x08000104   0x0000005c   Code   RO            1    .text               main.o
    0x08000160   0x08000160   0x0000001a   Code   RO          177    .text               stm32f10x_it.o
    0x0800017a   0x0800017a   0x00000002   PAD
    0x0800017c   0x0800017c   0x000001e0   Code   RO          218    .text               system_stm32f10x.o
    0x0800035c   0x0800035c   0x000004f8   Code   RO          236    .text               control.o
    0x08000854   0x08000854   0x000000d4   Code   RO          273    .text               delay.o
    0x08000928   0x08000928   0x00000060   Code   RO          287    .text               sys.o
    0x08000988   0x08000988   0x000000d8   Code   RO          299    .text               exti.o
    0x08000a60   0x08000a60   0x00000170   Code   RO          314    .text               encoder.o
    0x08000bd0   0x08000bd0   0x00000280   Code   RO          326    .text               motor.o
    0x08000e50   0x08000e50   0x000000b0   Code   RO          339    .text               pwm.o
    0x08000f00   0x08000f00   0x00000368   Code   RO          351    .text               mpu6050.o
    0x08001268   0x08001268   0x00000244   Code   RO          363    .text               mpuiic.o
    0x080014ac   0x080014ac   0x00002288   Code   RO          375    .text               inv_mpu.o
    0x08003734   0x08003734   0x00000d70   Code   RO          415    .text               inv_mpu_dmp_motion_driver.o
    0x080044a4   0x080044a4   0x00000ab0   Code   RO          436    .text               track.o
    0x08004f54   0x08004f54   0x00000660   Code   RO          448    .text               tcs3200.o
    0x080055b4   0x080055b4   0x000001b8   Code   RO          479    .text               usart2.o
    0x0800576c   0x0800576c   0x00000140   Code   RO          494    .text               duji.o
    0x080058ac   0x080058ac   0x00000024   Code   RO          523    .text               startup_stm32f10x_md.o
    0x080058d0   0x080058d0   0x000000dc   Code   RO          527    .text               misc.o
    0x080059ac   0x080059ac   0x0000011c   Code   RO          611    .text               stm32f10x_exti.o
    0x08005ac8   0x08005ac8   0x0000035c   Code   RO          635    .text               stm32f10x_gpio.o
    0x08005e24   0x08005e24   0x000003a4   Code   RO          683    .text               stm32f10x_rcc.o
    0x080061c8   0x080061c8   0x00000e1a   Code   RO          721    .text               stm32f10x_tim.o
    0x08006fe2   0x08006fe2   0x00000002   PAD
    0x08006fe4   0x08006fe4   0x00000408   Code   RO          733    .text               stm32f10x_usart.o
    0x080073ec   0x080073ec   0x00000062   Code   RO          778    .text               mc_w.l(ldiv.o)
    0x0800744e   0x0800744e   0x00000024   Code   RO          780    .text               mc_w.l(memseta.o)
    0x08007472   0x08007472   0x0000000e   Code   RO          782    .text               mc_w.l(strlen.o)
    0x08007480   0x08007480   0x0000001a   Code   RO          784    .text               mc_w.l(memcmp.o)
    0x0800749a   0x0800749a   0x000000b0   Code   RO         1047    .text               mf_w.l(fadd.o)
    0x0800754a   0x0800754a   0x00000064   Code   RO         1049    .text               mf_w.l(fmul.o)
    0x080075ae   0x080075ae   0x0000007c   Code   RO         1051    .text               mf_w.l(fdiv.o)
    0x0800762a   0x0800762a   0x0000014e   Code   RO         1053    .text               mf_w.l(dadd.o)
    0x08007778   0x08007778   0x000000e4   Code   RO         1055    .text               mf_w.l(dmul.o)
    0x0800785c   0x0800785c   0x000000de   Code   RO         1057    .text               mf_w.l(ddiv.o)
    0x0800793a   0x0800793a   0x00000012   Code   RO         1059    .text               mf_w.l(fflti.o)
    0x0800794c   0x0800794c   0x0000000a   Code   RO         1061    .text               mf_w.l(ffltui.o)
    0x08007956   0x08007956   0x00000022   Code   RO         1063    .text               mf_w.l(dflti.o)
    0x08007978   0x08007978   0x00000032   Code   RO         1065    .text               mf_w.l(ffixi.o)
    0x080079aa   0x080079aa   0x00000028   Code   RO         1067    .text               mf_w.l(ffixui.o)
    0x080079d2   0x080079d2   0x00000026   Code   RO         1069    .text               mf_w.l(f2d.o)
    0x080079f8   0x080079f8   0x00000038   Code   RO         1071    .text               mf_w.l(d2f.o)
    0x08007a30   0x08007a30   0x00000014   Code   RO         1073    .text               mf_w.l(cfcmple.o)
    0x08007a44   0x08007a44   0x00000014   Code   RO         1075    .text               mf_w.l(cfrcmple.o)
    0x08007a58   0x08007a58   0x00000062   Code   RO         1135    .text               mc_w.l(uldiv.o)
    0x08007aba   0x08007aba   0x0000001e   Code   RO         1137    .text               mc_w.l(llshl.o)
    0x08007ad8   0x08007ad8   0x00000024   Code   RO         1139    .text               mc_w.l(llsshr.o)
    0x08007afc   0x08007afc   0x00000000   Code   RO         1148    .text               mc_w.l(iusefp.o)
    0x08007afc   0x08007afc   0x0000006e   Code   RO         1149    .text               mf_w.l(fepilogue.o)
    0x08007b6a   0x08007b6a   0x000000ba   Code   RO         1151    .text               mf_w.l(depilogue.o)
    0x08007c24   0x08007c24   0x0000002e   Code   RO         1153    .text               mf_w.l(dscalb.o)
    0x08007c52   0x08007c52   0x00000002   PAD
    0x08007c54   0x08007c54   0x00000030   Code   RO         1157    .text               mf_w.l(cdcmple.o)
    0x08007c84   0x08007c84   0x00000024   Code   RO         1161    .text               mc_w.l(init.o)
    0x08007ca8   0x08007ca8   0x00000000   Code   RO         1163    .text               mc_w.l(semi.o)
    0x08007ca8   0x08007ca8   0x00000020   Code   RO         1164    .text               mc_w.l(llushr.o)
    0x08007cc8   0x08007cc8   0x00000000   Code   RO         1166    .text               mc_w.l(iusesemip.o)
    0x08007cc8   0x08007cc8   0x000000a2   Code   RO         1167    .text               mf_w.l(dsqrt.o)
    0x08007d6a   0x08007d6a   0x00000002   PAD
    0x08007d6c   0x08007d6c   0x00000020   Code   RO          993    i.__0printf$8       mc_w.l(printf8.o)
    0x08007d8c   0x08007d8c   0x00000028   Code   RO         1101    i.__ARM_fpclassify  m_ws.l(fpclassify.o)
    0x08007db4   0x08007db4   0x000000aa   Code   RO         1103    i.__kernel_poly     m_ws.l(poly.o)
    0x08007e5e   0x08007e5e   0x00000006   Code   RO         1088    i.__mathlib_dbl_infnan  m_ws.l(dunder.o)
    0x08007e64   0x08007e64   0x00000004   Code   RO         1089    i.__mathlib_dbl_infnan2  m_ws.l(dunder.o)
    0x08007e68   0x08007e68   0x0000000c   Code   RO         1090    i.__mathlib_dbl_invalid  m_ws.l(dunder.o)
    0x08007e74   0x08007e74   0x00000010   Code   RO         1093    i.__mathlib_dbl_underflow  m_ws.l(dunder.o)
    0x08007e84   0x08007e84   0x0000000e   Code   RO         1171    i.__scatterload_copy  mc_w.l(handlers.o)
    0x08007e92   0x08007e92   0x00000002   Code   RO         1172    i.__scatterload_null  mc_w.l(handlers.o)
    0x08007e94   0x08007e94   0x0000000e   Code   RO         1173    i.__scatterload_zeroinit  mc_w.l(handlers.o)
    0x08007ea2   0x08007ea2   0x00000002   PAD
    0x08007ea4   0x08007ea4   0x0000000c   Code   RO         1143    i.__set_errno       mc_w.l(errno.o)
    0x08007eb0   0x08007eb0   0x00000404   Code   RO         1000    i._printf_core      mc_w.l(printf8.o)
    0x080082b4   0x080082b4   0x00000024   Code   RO         1001    i._printf_post_padding  mc_w.l(printf8.o)
    0x080082d8   0x080082d8   0x0000002e   Code   RO         1002    i._printf_pre_padding  mc_w.l(printf8.o)
    0x08008306   0x08008306   0x00000002   PAD
    0x08008308   0x08008308   0x00000270   Code   RO          758    i.asin              m_ws.l(asin.o)
    0x08008578   0x08008578   0x00000220   Code   RO         1078    i.atan              m_ws.l(atan.o)
    0x08008798   0x08008798   0x0000019c   Code   RO          768    i.atan2             m_ws.l(atan2.o)
    0x08008934   0x08008934   0x00000012   Code   RO         1130    i.fputc             mc_w.l(fputc.o)
    0x08008946   0x08008946   0x0000004c   Code   RO         1107    i.sqrt              m_ws.l(sqrt.o)
    0x08008992   0x08008992   0x00000002   PAD
    0x08008994   0x08008994   0x0000000c   Data   RO          238    .constdata          control.o
    0x080089a0   0x080089a0   0x00000050   Data   RO          376    .constdata          inv_mpu.o
    0x080089f0   0x080089f0   0x00000bf6   Data   RO          417    .constdata          inv_mpu_dmp_motion_driver.o
    0x080095e6   0x080095e6   0x00000002   PAD
    0x080095e8   0x080095e8   0x00000050   Data   RO          759    .constdata          m_ws.l(asin.o)
    0x08009638   0x08009638   0x00000098   Data   RO         1079    .constdata          m_ws.l(atan.o)
    0x080096d0   0x080096d0   0x00000008   Data   RO         1105    .constdata          m_ws.l(qnan.o)
    0x080096d8   0x080096d8   0x0000004d   Data   RO          377    .conststring        inv_mpu.o
    0x08009725   0x08009725   0x00000003   PAD
    0x08009728   0x08009728   0x00000020   Data   RO         1169    Region$$Table       anon$$obj.o


    Execution Region RW_IRAM1 (Exec base: 0x20000000, Load base: 0x08009748, Size: 0x00000598, Max: 0x00005000, ABSOLUTE)

    Exec Addr    Load Addr    Size         Type   Attr      Idx    E Section Name        Object

    0x20000000   0x08009748   0x00000050   Data   RW            3    .data               main.o
    0x20000050   0x08009798   0x00000014   Data   RW          219    .data               system_stm32f10x.o
    0x20000064   0x080097ac   0x00000004   Data   RW          239    .data               control.o
    0x20000068   0x080097b0   0x00000004   Data   RW          274    .data               delay.o
    0x2000006c   0x080097b4   0x00000004   Data   RW          327    .data               motor.o
    0x20000070   0x080097b8   0x00000035   Data   RW          378    .data               inv_mpu.o
    0x200000a5   0x080097ed   0x00000003   PAD
    0x200000a8   0x080097f0   0x00000004   Data   RW          449    .data               tcs3200.o
    0x200000ac   0x080097f4   0x00000014   Data   RW          684    .data               stm32f10x_rcc.o
    0x200000c0   0x08009808   0x00000004   Data   RW         1132    .data               mc_w.l(stdout.o)
    0x200000c4   0x0800980c   0x00000004   Data   RW         1144    .data               mc_w.l(errno.o)
    0x200000c8        -       0x0000002c   Zero   RW            2    .bss                main.o
    0x200000f4        -       0x00000090   Zero   RW          237    .bss                control.o
    0x20000184        -       0x00000010   Zero   RW          416    .bss                inv_mpu_dmp_motion_driver.o
    0x20000194   0x08009810   0x00000004   PAD
    0x20000198        -       0x00000400   Zero   RW          520    STACK               startup_stm32f10x_md.o


==============================================================================

Image component sizes


      Code (inc. data)   RO Data    RW Data    ZI Data      Debug   Object Name

      1272         92         12          4        144       3653   control.o
         0          0          0          0          0         32   core_cm3.o
       212         18          0          4          0        983   delay.o
       320         10          0          0          0       2268   duji.o
       368         10          0          0          0       1215   encoder.o
       216          6          0          0          0        842   exti.o
      8840        200        157         53          0      23893   inv_mpu.o
      3440        126       3062          0         16      15319   inv_mpu_dmp_motion_driver.o
        92          8          0         80         44     256959   main.o
       220         22          0          0          0       1741   misc.o
       640         80          0          4          0       1436   motor.o
       872         18          0          0          0       4291   mpu6050.o
       580         14          0          0          0       2030   mpuiic.o
       176          8          0          0          0        724   pwm.o
        36          8        236          0       1024        760   startup_stm32f10x_md.o
       284         10          0          0          0       2199   stm32f10x_exti.o
       860         38          0          0          0       5673   stm32f10x_gpio.o
        26          0          0          0          0       1158   stm32f10x_it.o
       932         36          0         20          0       8824   stm32f10x_rcc.o
      3610         88          0          0          0      22784   stm32f10x_tim.o
      1032         22          0          0          0       8400   stm32f10x_usart.o
        96          0          0          0          0        509   sys.o
       480         38          0         20          0       1647   system_stm32f10x.o
      1632         90          0          4          0       2835   tcs3200.o
      2736        152          0          0          0       2996   track.o
       440         58          0          0          0       1792   usart2.o

    ----------------------------------------------------------------------
     29416       1152       3504        192       1232     374963   Object Totals
         0          0         32          0          0          0   (incl. Generated)
         4          0          5          3          4          0   (incl. Padding)

    ----------------------------------------------------------------------

      Code (inc. data)   RO Data    RW Data    ZI Data      Debug   Library Member Name

       624         52         80          0          0        168   asin.o
       544         70        152          0          0        124   atan.o
       412         38          0          0          0        144   atan2.o
        38          6          0          0          0        272   dunder.o
        40          0          0          0          0         68   fpclassify.o
       170          0          0          0          0         96   poly.o
         0          0          8          0          0          0   qnan.o
        76          0          0          0          0         84   sqrt.o
         0          0          0          0          0          0   entry.o
         0          0          0          0          0          0   entry10a.o
         0          0          0          0          0          0   entry11a.o
         4          0          0          0          0          0   entry12b.o
         8          4          0          0          0          0   entry2.o
         4          0          0          0          0          0   entry5.o
         0          0          0          0          0          0   entry7b.o
         0          0          0          0          0          0   entry8b.o
         8          4          0          0          0          0   entry9a.o
        12          6          0          4          0         68   errno.o
        18          0          0          0          0         80   fputc.o
        30          0          0          0          0          0   handlers.o
        36          8          0          0          0         68   init.o
         0          0          0          0          0          0   iusefp.o
         0          0          0          0          0          0   iusesemip.o
        98          0          0          0          0         84   ldiv.o
        30          0          0          0          0         68   llshl.o
        36          0          0          0          0         68   llsshr.o
        32          0          0          0          0         68   llushr.o
        26          0          0          0          0         80   memcmp.o
        36          0          0          0          0        108   memseta.o
      1142         54          0          0          0        352   printf8.o
         0          0          0          0          0          0   semi.o
         0          0          0          4          0          0   stdout.o
        14          0          0          0          0         68   strlen.o
        98          0          0          0          0         92   uldiv.o
        48          0          0          0          0         68   cdcmple.o
        20          0          0          0          0         68   cfcmple.o
        20          0          0          0          0         68   cfrcmple.o
        56          0          0          0          0         88   d2f.o
       334          0          0          0          0        148   dadd.o
       222          0          0          0          0        100   ddiv.o
       186          0          0          0          0        176   depilogue.o
        34          0          0          0          0         76   dflti.o
       228          0          0          0          0         96   dmul.o
        46          0          0          0          0         80   dscalb.o
       162          0          0          0          0        100   dsqrt.o
        38          0          0          0          0         68   f2d.o
       176          0          0          0          0        140   fadd.o
       124          0          0          0          0         88   fdiv.o
       110          0          0          0          0        168   fepilogue.o
        50          0          0          0          0         68   ffixi.o
        40          0          0          0          0         68   ffixui.o
        18          0          0          0          0         68   fflti.o
        10          0          0          0          0         68   ffltui.o
       100          0          0          0          0         76   fmul.o

    ----------------------------------------------------------------------
      5568        242        240          8          0       4040   Library Totals
        10          0          0          0          0          0   (incl. Padding)

    ----------------------------------------------------------------------

      Code (inc. data)   RO Data    RW Data    ZI Data      Debug   Library Name

      1904        166        240          0          0        956   m_ws.l
      1632         76          0          8          0       1204   mc_w.l
      2022          0          0          0          0       1880   mf_w.l

    ----------------------------------------------------------------------
      5568        242        240          8          0       4040   Library Totals

    ----------------------------------------------------------------------

==============================================================================


      Code (inc. data)   RO Data    RW Data    ZI Data      Debug   

     34984       1394       3744        200       1232     374735   Grand Totals
     34984       1394       3744        200       1232     374735   ELF Image Totals
     34984       1394       3744        200          0          0   ROM Totals

==============================================================================

    Total RO  Size (Code + RO Data)                38728 (  37.82kB)
    Total RW  Size (RW Data + ZI Data)              1432 (   1.40kB)
    Total ROM Size (Code + RO Data + RW Data)      38928 (  38.02kB)

==============================================================================

